Singletons/EmptyShowDeriving.hs:(0,0)-(0,0): Splicing declarations
    singletons
      [d| data Foo
          
          deriving instance Show Foo |]
  ======>
    data Foo
    deriving instance Show Foo
    type family Case_0123456789876543210 v_01234567898765432100123456789876543210 a_01234567898765432100123456789876543210 t where
    type ShowsPrec_0123456789876543210 :: GHC.Num.Natural.Natural
                                          -> Foo -> GHC.Types.Symbol -> GHC.Types.Symbol
    type family ShowsPrec_0123456789876543210 (a :: GHC.Num.Natural.Natural) (a :: Foo) (a :: GHC.Types.Symbol) :: GHC.Types.Symbol where
      ShowsPrec_0123456789876543210 _ v_0123456789876543210 a_0123456789876543210 = Apply (Case_0123456789876543210 v_0123456789876543210 a_0123456789876543210 v_0123456789876543210) a_0123456789876543210
    instance PShow Foo where
      type ShowsPrec a a a = ShowsPrec_0123456789876543210 a a a
    data SFoo :: Foo -> Type
    type instance Sing @Foo = SFoo
    instance SingKind Foo where
      type Demote Foo = Foo
      fromSing x = case x of {}
      toSing x = SomeSing (case x of {})
    instance SShow Foo where
      sShowsPrec
        _
        (sV_0123456789876543210 :: Sing v_0123456789876543210)
        (sA_0123456789876543210 :: Sing a_0123456789876543210)
        = applySing
            (id
               @(Sing (Case_0123456789876543210 v_0123456789876543210 a_0123456789876543210 v_0123456789876543210))
               (case sV_0123456789876543210 of {}))
            sA_0123456789876543210
    deriving instance Show (SFoo (z :: Foo))
