Singletons/DataValues.hs:(0,0)-(0,0): Splicing declarations
    singletons
      [d| pr = Pair (Succ Zero) ([Zero])
          complex = Pair (Pair (Just Zero) Zero) False
          tuple = (False, Just Zero, True)
          aList = [Zero, Succ Zero, Succ (Succ Zero)]
          
          data Pair a b
            = Pair a b
            deriving Show |]
  ======>
    data Pair a b
      = Pair a b
      deriving Show
    pr = (Pair (Succ Zero)) [Zero]
    complex = (Pair ((Pair (Just Zero)) Zero)) False
    tuple = (False, Just Zero, True)
    aList = [Zero, Succ Zero, Succ (Succ Zero)]
    type PairSym2 (t0123456789876543210 :: a0123456789876543210) (t0123456789876543210 :: b0123456789876543210) =
        Pair t0123456789876543210 t0123456789876543210
    instance SuppressUnusedWarnings (PairSym1 t0123456789876543210) where
      suppressUnusedWarnings = snd (((,) PairSym1KindInference) ())
    data PairSym1 (t0123456789876543210 :: a0123456789876543210) :: forall b0123456789876543210.
                                                                    (~>) b0123456789876543210 (Pair a0123456789876543210 b0123456789876543210)
      where
        PairSym1KindInference :: forall t0123456789876543210
                                        t0123456789876543210
                                        arg. SameKind (Apply (PairSym1 t0123456789876543210) arg) (PairSym2 t0123456789876543210 arg) =>
                                 PairSym1 t0123456789876543210 t0123456789876543210
    type instance Apply (PairSym1 t0123456789876543210) t0123456789876543210 = Pair t0123456789876543210 t0123456789876543210
    instance SuppressUnusedWarnings PairSym0 where
      suppressUnusedWarnings = snd (((,) PairSym0KindInference) ())
    data PairSym0 :: forall a0123456789876543210 b0123456789876543210.
                     (~>) a0123456789876543210 ((~>) b0123456789876543210 (Pair a0123456789876543210 b0123456789876543210))
      where
        PairSym0KindInference :: forall t0123456789876543210
                                        arg. SameKind (Apply PairSym0 arg) (PairSym1 arg) =>
                                 PairSym0 t0123456789876543210
    type instance Apply PairSym0 t0123456789876543210 = PairSym1 t0123456789876543210
    type AListSym0 = AList
    type TupleSym0 = Tuple
    type ComplexSym0 = Complex
    type PrSym0 = Pr
    type family AList where
      AList = Apply (Apply (:@#@$) ZeroSym0) (Apply (Apply (:@#@$) (Apply SuccSym0 ZeroSym0)) (Apply (Apply (:@#@$) (Apply SuccSym0 (Apply SuccSym0 ZeroSym0))) '[]))
    type family Tuple where
      Tuple = Apply (Apply (Apply Tuple3Sym0 FalseSym0) (Apply JustSym0 ZeroSym0)) TrueSym0
    type family Complex where
      Complex = Apply (Apply PairSym0 (Apply (Apply PairSym0 (Apply JustSym0 ZeroSym0)) ZeroSym0)) FalseSym0
    type family Pr where
      Pr = Apply (Apply PairSym0 (Apply SuccSym0 ZeroSym0)) (Apply (Apply (:@#@$) ZeroSym0) '[])
    type family ShowsPrec_0123456789876543210 (a :: GHC.Types.Nat) (a :: Pair a b) (a :: Symbol) :: Symbol where
      ShowsPrec_0123456789876543210 p_0123456789876543210 (Pair arg_0123456789876543210 arg_0123456789876543210) a_0123456789876543210 = Apply (Apply (Apply ShowParenSym0 (Apply (Apply (>@#@$) p_0123456789876543210) (FromInteger 10))) (Apply (Apply (.@#@$) (Apply ShowStringSym0 "Pair ")) (Apply (Apply (.@#@$) (Apply (Apply ShowsPrecSym0 (FromInteger 11)) arg_0123456789876543210)) (Apply (Apply (.@#@$) ShowSpaceSym0) (Apply (Apply ShowsPrecSym0 (FromInteger 11)) arg_0123456789876543210))))) a_0123456789876543210
    type ShowsPrec_0123456789876543210Sym3 (a0123456789876543210 :: GHC.Types.Nat) (a0123456789876543210 :: Pair a0123456789876543210 b0123456789876543210) (a0123456789876543210 :: Symbol) =
        ShowsPrec_0123456789876543210 a0123456789876543210 a0123456789876543210 a0123456789876543210
    instance SuppressUnusedWarnings (ShowsPrec_0123456789876543210Sym2 a0123456789876543210 a0123456789876543210) where
      suppressUnusedWarnings
        = snd (((,) ShowsPrec_0123456789876543210Sym2KindInference) ())
    data ShowsPrec_0123456789876543210Sym2 (a0123456789876543210 :: GHC.Types.Nat) (a0123456789876543210 :: Pair a0123456789876543210 b0123456789876543210) :: (~>) Symbol Symbol
      where
        ShowsPrec_0123456789876543210Sym2KindInference :: forall a0123456789876543210
                                                                 a0123456789876543210
                                                                 a0123456789876543210
                                                                 arg. SameKind (Apply (ShowsPrec_0123456789876543210Sym2 a0123456789876543210 a0123456789876543210) arg) (ShowsPrec_0123456789876543210Sym3 a0123456789876543210 a0123456789876543210 arg) =>
                                                          ShowsPrec_0123456789876543210Sym2 a0123456789876543210 a0123456789876543210 a0123456789876543210
    type instance Apply (ShowsPrec_0123456789876543210Sym2 a0123456789876543210 a0123456789876543210) a0123456789876543210 = ShowsPrec_0123456789876543210 a0123456789876543210 a0123456789876543210 a0123456789876543210
    instance SuppressUnusedWarnings (ShowsPrec_0123456789876543210Sym1 a0123456789876543210) where
      suppressUnusedWarnings
        = snd (((,) ShowsPrec_0123456789876543210Sym1KindInference) ())
    data ShowsPrec_0123456789876543210Sym1 (a0123456789876543210 :: GHC.Types.Nat) :: forall a0123456789876543210
                                                                                             b0123456789876543210.
                                                                                      (~>) (Pair a0123456789876543210 b0123456789876543210) ((~>) Symbol Symbol)
      where
        ShowsPrec_0123456789876543210Sym1KindInference :: forall a0123456789876543210
                                                                 a0123456789876543210
                                                                 arg. SameKind (Apply (ShowsPrec_0123456789876543210Sym1 a0123456789876543210) arg) (ShowsPrec_0123456789876543210Sym2 a0123456789876543210 arg) =>
                                                          ShowsPrec_0123456789876543210Sym1 a0123456789876543210 a0123456789876543210
    type instance Apply (ShowsPrec_0123456789876543210Sym1 a0123456789876543210) a0123456789876543210 = ShowsPrec_0123456789876543210Sym2 a0123456789876543210 a0123456789876543210
    instance SuppressUnusedWarnings ShowsPrec_0123456789876543210Sym0 where
      suppressUnusedWarnings
        = snd (((,) ShowsPrec_0123456789876543210Sym0KindInference) ())
    data ShowsPrec_0123456789876543210Sym0 :: forall a0123456789876543210
                                                     b0123456789876543210.
                                              (~>) GHC.Types.Nat ((~>) (Pair a0123456789876543210 b0123456789876543210) ((~>) Symbol Symbol))
      where
        ShowsPrec_0123456789876543210Sym0KindInference :: forall a0123456789876543210
                                                                 arg. SameKind (Apply ShowsPrec_0123456789876543210Sym0 arg) (ShowsPrec_0123456789876543210Sym1 arg) =>
                                                          ShowsPrec_0123456789876543210Sym0 a0123456789876543210
    type instance Apply ShowsPrec_0123456789876543210Sym0 a0123456789876543210 = ShowsPrec_0123456789876543210Sym1 a0123456789876543210
    instance PShow (Pair a b) where
      type ShowsPrec a a a = Apply (Apply (Apply ShowsPrec_0123456789876543210Sym0 a) a) a
    sAList :: Sing AListSym0
    sTuple :: Sing TupleSym0
    sComplex :: Sing ComplexSym0
    sPr :: Sing PrSym0
    sAList
      = (applySing ((applySing ((singFun2 @(:@#@$)) SCons)) SZero))
          ((applySing
              ((applySing ((singFun2 @(:@#@$)) SCons))
                 ((applySing ((singFun1 @SuccSym0) SSucc)) SZero)))
             ((applySing
                 ((applySing ((singFun2 @(:@#@$)) SCons))
                    ((applySing ((singFun1 @SuccSym0) SSucc))
                       ((applySing ((singFun1 @SuccSym0) SSucc)) SZero))))
                SNil))
    sTuple
      = (applySing
           ((applySing ((applySing ((singFun3 @Tuple3Sym0) STuple3)) SFalse))
              ((applySing ((singFun1 @JustSym0) SJust)) SZero)))
          STrue
    sComplex
      = (applySing
           ((applySing ((singFun2 @PairSym0) SPair))
              ((applySing
                  ((applySing ((singFun2 @PairSym0) SPair))
                     ((applySing ((singFun1 @JustSym0) SJust)) SZero)))
                 SZero)))
          SFalse
    sPr
      = (applySing
           ((applySing ((singFun2 @PairSym0) SPair))
              ((applySing ((singFun1 @SuccSym0) SSucc)) SZero)))
          ((applySing ((applySing ((singFun2 @(:@#@$)) SCons)) SZero)) SNil)
    data SPair :: forall a b. Pair a b -> GHC.Types.Type
      where
        SPair :: forall a b (n :: a) (n :: b).
                 (Sing n) -> (Sing n) -> SPair (Pair n n :: Pair a b)
    type instance Sing @(Pair a b) = SPair
    instance (SingKind a, SingKind b) => SingKind (Pair a b) where
      type Demote (Pair a b) = Pair (Demote a) (Demote b)
      fromSing (SPair b b) = (Pair (fromSing b)) (fromSing b)
      toSing (Pair (b :: Demote a) (b :: Demote b))
        = case ((,) (toSing b :: SomeSing a)) (toSing b :: SomeSing b) of {
            (,) (SomeSing c) (SomeSing c) -> SomeSing ((SPair c) c) }
    instance (SShow a, SShow b) => SShow (Pair a b) where
      sShowsPrec ::
        forall (t1 :: GHC.Types.Nat) (t2 :: Pair a b) (t3 :: Symbol).
        Sing t1
        -> Sing t2
           -> Sing t3
              -> Sing (Apply (Apply (Apply (ShowsPrecSym0 :: TyFun GHC.Types.Nat ((~>) (Pair a b) ((~>) Symbol Symbol))
                                                             -> GHC.Types.Type) t1) t2) t3)
      sShowsPrec
        (sP_0123456789876543210 :: Sing p_0123456789876543210)
        (SPair (sArg_0123456789876543210 :: Sing arg_0123456789876543210)
               (sArg_0123456789876543210 :: Sing arg_0123456789876543210))
        (sA_0123456789876543210 :: Sing a_0123456789876543210)
        = (applySing
             ((applySing
                 ((applySing ((singFun3 @ShowParenSym0) sShowParen))
                    ((applySing
                        ((applySing ((singFun2 @(>@#@$)) (%>))) sP_0123456789876543210))
                       (sFromInteger (sing :: Sing 10)))))
                ((applySing
                    ((applySing ((singFun3 @(.@#@$)) (%.)))
                       ((applySing ((singFun2 @ShowStringSym0) sShowString))
                          (sing :: Sing "Pair "))))
                   ((applySing
                       ((applySing ((singFun3 @(.@#@$)) (%.)))
                          ((applySing
                              ((applySing ((singFun3 @ShowsPrecSym0) sShowsPrec))
                                 (sFromInteger (sing :: Sing 11))))
                             sArg_0123456789876543210)))
                      ((applySing
                          ((applySing ((singFun3 @(.@#@$)) (%.)))
                             ((singFun1 @ShowSpaceSym0) sShowSpace)))
                         ((applySing
                             ((applySing ((singFun3 @ShowsPrecSym0) sShowsPrec))
                                (sFromInteger (sing :: Sing 11))))
                            sArg_0123456789876543210))))))
            sA_0123456789876543210
    instance (Data.Singletons.ShowSing.ShowSing a,
              Data.Singletons.ShowSing.ShowSing b) =>
             Show (SPair (z :: Pair a b)) where
      showsPrec
        p_0123456789876543210
        (SPair (arg_0123456789876543210 :: Sing argTy_0123456789876543210)
               (arg_0123456789876543210 :: Sing argTy_0123456789876543210))
        = (showParen (((>) p_0123456789876543210) 10))
            (((.) (showString "SPair "))
               (((.) ((showsPrec 11) arg_0123456789876543210))
                  (((.) GHC.Show.showSpace)
                     ((showsPrec 11) arg_0123456789876543210)))) ::
            (Data.Singletons.ShowSing.ShowSing' argTy_0123456789876543210,
             Data.Singletons.ShowSing.ShowSing' argTy_0123456789876543210) =>
            ShowS
    instance (SingI n, SingI n) => SingI (Pair (n :: a) (n :: b)) where
      sing = (SPair sing) sing
    instance SingI (PairSym0 :: (~>) a ((~>) b (Pair a b))) where
      sing = (singFun2 @PairSym0) SPair
    instance SingI d =>
             SingI (PairSym1 (d :: a) :: (~>) b (Pair a b)) where
      sing = (singFun1 @(PairSym1 (d :: a))) (SPair (sing @d))
