Singletons/NegativeLiterals.hs:(0,0)-(0,0): Splicing declarations
    singletons
      [d| f :: Nat
          f = -1 |]
  ======>
    f :: Nat
    f = (-1)
    type FSym0 :: Nat
    type family FSym0 where
      FSym0 = F
    type F :: Nat
    type family F where
      F = Negate (FromInteger 1)
    sF :: Sing (FSym0 :: Nat)
    sF = sNegate (sFromInteger (sing :: Sing 1))
